I44qr9WzXAwKaBL_cOdhLC9PKB0Jmo0dIuMXUz3Q4ws=LHOg2z-LlJYKpbPqyPtmmPtt52TsJZw98-8Yqa6z3mY=tMZtszaMwDE8ZBkZ63wbTmuL3R32bH1pVH6BCxO-KTA=KzOGhVdvZrAJnsyd94qVrt2y9JelNFGI36k5qzFPovM=Dgkcz1vTanUkii3ytBTjxospbVctGauWbFITQTf_7RU=QBgdPHASVl5DMiTTkCpo9aYzq5BcuQOAjNNh4ddfOaA=ul5HX4I4gzLgiT5ZIcv6to9vd0NieNiF0gtXV56u9aQ=vcCyL7Q3hrNMdIH3ugomHcKgzkzKIC9-53X_sSiGpm0=dglsXm0bcrHzXSPnAbRGmSMrSxjR8hgecb9tuHmI9o4=Uqb6NvnmsDKUf1nRKNB6ogZVQGT75lebfyHPMgq6IYk=0b2nZjoldq0An9tZGhvy1RVFxvlo9SGRzdUgxr6FRhc=W8gMnW5OVhb_qNkA8nOE4wwkhjwdwu6pJ_5g2C4YOiY=WHwpp3D0GAMU0FNXexdH0MJA3R8HSsCCZJcqhcU-grk=L-dUCDeIj_VLM9DK8t-OLuu1qO1_XBfrbQBLv5C_N2c=VKiPpNvtCBhQ87ycKajziiOCBmWIuFErmANYEo9kr5w=gBzeR2q38N2HMc3k-Q5GD5tVb7xKye67cLWS9XWAVuM=fw9ZPlucv4-1M6CAvkQ41esbYzbBAWyF4Kt_CzkV5CU=Ra6fC11FduRGiplIGgKgZHwj0g8SatatCJPVFa0rHTk=MNK5mcyg5rVek7DdA6Vnz7RHXzOslWZH0LTJOtmmpLo=VjcUdCdN8ORorSpTTVK-XVVtR_WpaZvFun0oekq_fiA=