test-group: new-block
results:
  transactions: []
  minerData: eyJhY2NvdW50IjoiTm9NaW5lciIsInByZWRpY2F0ZSI6IjwiLCJwdWJsaWMta2V5cyI6W119
  transactionsHash: lL9ztEiU-NwzrlTpBbvhT4M1l5Shsht94OwFyhBaFD0
  outputsHash: fb3bO384oIyom069n0hV7P8L-Hnrk5tKvKFW-yHMMT0
  payloadHash: TB6Wg1ztCYu86QOVESUYe_S45HCDRHqBFznzmwpEx9c
  coinbase: eyJnYXMiOjAsInJlc3VsdCI6eyJzdGF0dXMiOiJzdWNjZXNzIiwiZGF0YSI6IldyaXRlIHN1Y2NlZWRlZCJ9LCJyZXFLZXkiOiJJa041UkVSck1YRTRTVjh3VkZoTVlVNXFWRTVTV1dWTWJYVm9WbHBNY1RSZk9XOVNPR0pCYVd0WFkwa2kiLCJsb2dzIjoibFdaVWZjX0dKdGxUUy1LeDAtYm00aXRfSWE5bnNGZG5jZ2NwSE0td091OCIsIm1ldGFEYXRhIjpudWxsLCJjb250aW51YXRpb24iOm51bGwsInR4SWQiOjd9
